cc -Wall -Wextra -Wno-unused-parameter sartre_kernel.c -O2 -lm -o sartre_kernel
sartre_kernel.c: In function 'detect_total_ram_mb':
sartre_kernel.c:309:39: warning: format '%lld' expects argument of type 'long long int *', but argument 3 has type 'int64_t *' {aka 'long int *'} [-Wformat=]
  309 |                 sscanf(line + 9, " %lld", &total_kb);
      |                                    ~~~^   ~~~~~~~~~
      |                                       |   |
      |                                       |   int64_t * {aka long int *}
      |                                       long long int *
      |                                    %ld
sartre_kernel.c: In function 'detect_gguf_params':
sartre_kernel.c:397:5: warning: ignoring return value of 'fread' declared with attribute 'warn_unused_result' [-Wunused-result]
  397 |     fread(&version, 4, 1, f);
      |     ^~~~~~~~~~~~~~~~~~~~~~~~
sartre_kernel.c:401:9: warning: ignoring return value of 'fread' declared with attribute 'warn_unused_result' [-Wunused-result]
  401 |         fread(&tensor_count, 8, 1, f);
      |         ^~~~~~~~~~~~~~~~~~~~~~~~~~~~~
sartre_kernel.c:402:9: warning: ignoring return value of 'fread' declared with attribute 'warn_unused_result' [-Wunused-result]
  402 |         fread(&kv_count, 8, 1, f);
      |         ^~~~~~~~~~~~~~~~~~~~~~~~~
sartre_kernel.c:405:9: warning: ignoring return value of 'fread' declared with attribute 'warn_unused_result' [-Wunused-result]
  405 |         fread(&tc32, 4, 1, f);
      |         ^~~~~~~~~~~~~~~~~~~~~
sartre_kernel.c:406:9: warning: ignoring return value of 'fread' declared with attribute 'warn_unused_result' [-Wunused-result]
  406 |         fread(&kv32, 4, 1, f);
      |         ^~~~~~~~~~~~~~~~~~~~~

real	0m0.248s
user	0m0.188s
sys	0m0.060s
